// Jest Snapshot v1, https://goo.gl/fbAQLP

exports[`App proper render 1`] = `
Array [
  <div
    className="sc-gswNZR fOvohW"
  >
    <h1
      className="sc-bcXHqe"
    >
      Movies and series
    </h1>
    ItemListMockedComponent
  </div>,
  " ",
]
`;
