// Jest Snapshot v1, https://goo.gl/fbAQLP

exports[`SearchBar render 1`] = `
<input
  className="sc-bcXHqe cEoBZN"
  onBlur={[Function]}
  onChange={[Function]}
  onKeyDown={[Function]}
  placeholder="Search a movie..."
  type="text"
  value=""
/>
`;
